Archive member included to satisfy reference by file (symbol)

c:/users/ttoomat/stm32cubeide_1.9.0/stm32cubeide/plugins/com.st.stm32cube.ide.mcu.externaltools.gnu-tools-for-stm32.10.3-2021.10.win32_1.0.0.202111181127/tools/bin/../lib/gcc/arm-none-eabi/10.3.1/../../../../arm-none-eabi/lib/thumb/v7e-m+fp/hard\libc_nano.a(lib_a-errno.o)
                              ./Core/Src/syscalls.o (__errno)
c:/users/ttoomat/stm32cubeide_1.9.0/stm32cubeide/plugins/com.st.stm32cube.ide.mcu.externaltools.gnu-tools-for-stm32.10.3-2021.10.win32_1.0.0.202111181127/tools/bin/../lib/gcc/arm-none-eabi/10.3.1/../../../../arm-none-eabi/lib/thumb/v7e-m+fp/hard\libc_nano.a(lib_a-exit.o)
                              c:/users/ttoomat/stm32cubeide_1.9.0/stm32cubeide/plugins/com.st.stm32cube.ide.mcu.externaltools.gnu-tools-for-stm32.10.3-2021.10.win32_1.0.0.202111181127/tools/bin/../lib/gcc/arm-none-eabi/10.3.1/../../../../arm-none-eabi/lib/thumb/v7e-m+fp/hard/crt0.o (exit)
c:/users/ttoomat/stm32cubeide_1.9.0/stm32cubeide/plugins/com.st.stm32cube.ide.mcu.externaltools.gnu-tools-for-stm32.10.3-2021.10.win32_1.0.0.202111181127/tools/bin/../lib/gcc/arm-none-eabi/10.3.1/../../../../arm-none-eabi/lib/thumb/v7e-m+fp/hard\libc_nano.a(lib_a-impure.o)
                              c:/users/ttoomat/stm32cubeide_1.9.0/stm32cubeide/plugins/com.st.stm32cube.ide.mcu.externaltools.gnu-tools-for-stm32.10.3-2021.10.win32_1.0.0.202111181127/tools/bin/../lib/gcc/arm-none-eabi/10.3.1/../../../../arm-none-eabi/lib/thumb/v7e-m+fp/hard\libc_nano.a(lib_a-exit.o) (_global_impure_ptr)
c:/users/ttoomat/stm32cubeide_1.9.0/stm32cubeide/plugins/com.st.stm32cube.ide.mcu.externaltools.gnu-tools-for-stm32.10.3-2021.10.win32_1.0.0.202111181127/tools/bin/../lib/gcc/arm-none-eabi/10.3.1/../../../../arm-none-eabi/lib/thumb/v7e-m+fp/hard\libc_nano.a(lib_a-init.o)
                              c:/users/ttoomat/stm32cubeide_1.9.0/stm32cubeide/plugins/com.st.stm32cube.ide.mcu.externaltools.gnu-tools-for-stm32.10.3-2021.10.win32_1.0.0.202111181127/tools/bin/../lib/gcc/arm-none-eabi/10.3.1/../../../../arm-none-eabi/lib/thumb/v7e-m+fp/hard/crt0.o (__libc_init_array)
c:/users/ttoomat/stm32cubeide_1.9.0/stm32cubeide/plugins/com.st.stm32cube.ide.mcu.externaltools.gnu-tools-for-stm32.10.3-2021.10.win32_1.0.0.202111181127/tools/bin/../lib/gcc/arm-none-eabi/10.3.1/../../../../arm-none-eabi/lib/thumb/v7e-m+fp/hard\libc_nano.a(lib_a-memset.o)
                              c:/users/ttoomat/stm32cubeide_1.9.0/stm32cubeide/plugins/com.st.stm32cube.ide.mcu.externaltools.gnu-tools-for-stm32.10.3-2021.10.win32_1.0.0.202111181127/tools/bin/../lib/gcc/arm-none-eabi/10.3.1/../../../../arm-none-eabi/lib/thumb/v7e-m+fp/hard/crt0.o (memset)

Discarded input sections

 .text          0x0000000000000000        0x0 c:/users/ttoomat/stm32cubeide_1.9.0/stm32cubeide/plugins/com.st.stm32cube.ide.mcu.externaltools.gnu-tools-for-stm32.10.3-2021.10.win32_1.0.0.202111181127/tools/bin/../lib/gcc/arm-none-eabi/10.3.1/thumb/v7e-m+fp/hard/crti.o
 .data          0x0000000000000000        0x0 c:/users/ttoomat/stm32cubeide_1.9.0/stm32cubeide/plugins/com.st.stm32cube.ide.mcu.externaltools.gnu-tools-for-stm32.10.3-2021.10.win32_1.0.0.202111181127/tools/bin/../lib/gcc/arm-none-eabi/10.3.1/thumb/v7e-m+fp/hard/crti.o
 .bss           0x0000000000000000        0x0 c:/users/ttoomat/stm32cubeide_1.9.0/stm32cubeide/plugins/com.st.stm32cube.ide.mcu.externaltools.gnu-tools-for-stm32.10.3-2021.10.win32_1.0.0.202111181127/tools/bin/../lib/gcc/arm-none-eabi/10.3.1/thumb/v7e-m+fp/hard/crti.o
 .data          0x0000000000000000        0x4 c:/users/ttoomat/stm32cubeide_1.9.0/stm32cubeide/plugins/com.st.stm32cube.ide.mcu.externaltools.gnu-tools-for-stm32.10.3-2021.10.win32_1.0.0.202111181127/tools/bin/../lib/gcc/arm-none-eabi/10.3.1/thumb/v7e-m+fp/hard/crtbegin.o
 .rodata        0x0000000000000000       0x24 c:/users/ttoomat/stm32cubeide_1.9.0/stm32cubeide/plugins/com.st.stm32cube.ide.mcu.externaltools.gnu-tools-for-stm32.10.3-2021.10.win32_1.0.0.202111181127/tools/bin/../lib/gcc/arm-none-eabi/10.3.1/thumb/v7e-m+fp/hard/crtbegin.o
 .text          0x0000000000000000       0x7c c:/users/ttoomat/stm32cubeide_1.9.0/stm32cubeide/plugins/com.st.stm32cube.ide.mcu.externaltools.gnu-tools-for-stm32.10.3-2021.10.win32_1.0.0.202111181127/tools/bin/../lib/gcc/arm-none-eabi/10.3.1/../../../../arm-none-eabi/lib/thumb/v7e-m+fp/hard/crt0.o
 .data          0x0000000000000000        0x0 c:/users/ttoomat/stm32cubeide_1.9.0/stm32cubeide/plugins/com.st.stm32cube.ide.mcu.externaltools.gnu-tools-for-stm32.10.3-2021.10.win32_1.0.0.202111181127/tools/bin/../lib/gcc/arm-none-eabi/10.3.1/../../../../arm-none-eabi/lib/thumb/v7e-m+fp/hard/crt0.o
 .bss           0x0000000000000000        0x0 c:/users/ttoomat/stm32cubeide_1.9.0/stm32cubeide/plugins/com.st.stm32cube.ide.mcu.externaltools.gnu-tools-for-stm32.10.3-2021.10.win32_1.0.0.202111181127/tools/bin/../lib/gcc/arm-none-eabi/10.3.1/../../../../arm-none-eabi/lib/thumb/v7e-m+fp/hard/crt0.o
[...]
Memory Configuration

Name             Origin             Length             Attributes
CCMRAM           0x0000000010000000 0x0000000000002000 xrw
RAM              0x0000000020000000 0x000000000000a000 xrw
FLASH            0x0000000008000000 0x0000000000040000 xr
*default*        0x0000000000000000 0xffffffffffffffff

Linker script and memory map

LOAD c:/users/ttoomat/stm32cubeide_1.9.0/stm32cubeide/plugins/com.st.stm32cube.ide.mcu.externaltools.gnu-tools-for-stm32.10.3-2021.10.win32_1.0.0.202111181127/tools/bin/../lib/gcc/arm-none-eabi/10.3.1/thumb/v7e-m+fp/hard/crti.o
LOAD c:/users/ttoomat/stm32cubeide_1.9.0/stm32cubeide/plugins/com.st.stm32cube.ide.mcu.externaltools.gnu-tools-for-stm32.10.3-2021.10.win32_1.0.0.202111181127/tools/bin/../lib/gcc/arm-none-eabi/10.3.1/thumb/v7e-m+fp/hard/crtbegin.o
LOAD c:/users/ttoomat/stm32cubeide_1.9.0/stm32cubeide/plugins/com.st.stm32cube.ide.mcu.externaltools.gnu-tools-for-stm32.10.3-2021.10.win32_1.0.0.202111181127/tools/bin/../lib/gcc/arm-none-eabi/10.3.1/../../../../arm-none-eabi/lib/thumb/v7e-m+fp/hard/crt0.o
LOAD ./Core/Src/main.o
LOAD ./Core/Src/stm32f3xx_hal_msp.o
LOAD ./Core/Src/stm32f3xx_it.o
LOAD ./Core/Src/syscalls.o
LOAD ./Core/Src/sysmem.o
LOAD ./Core/Src/system_stm32f3xx.o
LOAD ./Core/Startup/startup_stm32f303vctx.o
LOAD ./Drivers/STM32F3xx_HAL_Driver/Src/stm32f3xx_hal.o
LOAD ./Drivers/STM32F3xx_HAL_Driver/Src/stm32f3xx_hal_cortex.o
LOAD ./Drivers/STM32F3xx_HAL_Driver/Src/stm32f3xx_hal_dma.o
LOAD ./Drivers/STM32F3xx_HAL_Driver/Src/stm32f3xx_hal_exti.o
LOAD ./Drivers/STM32F3xx_HAL_Driver/Src/stm32f3xx_hal_flash.o
LOAD ./Drivers/STM32F3xx_HAL_Driver/Src/stm32f3xx_hal_flash_ex.o
LOAD ./Drivers/STM32F3xx_HAL_Driver/Src/stm32f3xx_hal_gpio.o
LOAD ./Drivers/STM32F3xx_HAL_Driver/Src/stm32f3xx_hal_i2c.o
LOAD ./Drivers/STM32F3xx_HAL_Driver/Src/stm32f3xx_hal_i2c_ex.o
LOAD ./Drivers/STM32F3xx_HAL_Driver/Src/stm32f3xx_hal_pwr.o
LOAD ./Drivers/STM32F3xx_HAL_Driver/Src/stm32f3xx_hal_pwr_ex.o
LOAD ./Drivers/STM32F3xx_HAL_Driver/Src/stm32f3xx_hal_rcc.o
LOAD ./Drivers/STM32F3xx_HAL_Driver/Src/stm32f3xx_hal_rcc_ex.o
LOAD ./Drivers/STM32F3xx_HAL_Driver/Src/stm32f3xx_hal_tim.o
LOAD ./Drivers/STM32F3xx_HAL_Driver/Src/stm32f3xx_hal_tim_ex.o
START GROUP
LOAD c:/users/ttoomat/stm32cubeide_1.9.0/stm32cubeide/plugins/com.st.stm32cube.ide.mcu.externaltools.gnu-tools-for-stm32.10.3-2021.10.win32_1.0.0.202111181127/tools/bin/../lib/gcc/arm-none-eabi/10.3.1/../../../../arm-none-eabi/lib/thumb/v7e-m+fp/hard\libc_nano.a
LOAD c:/users/ttoomat/stm32cubeide_1.9.0/stm32cubeide/plugins/com.st.stm32cube.ide.mcu.externaltools.gnu-tools-for-stm32.10.3-2021.10.win32_1.0.0.202111181127/tools/bin/../lib/gcc/arm-none-eabi/10.3.1/../../../../arm-none-eabi/lib/thumb/v7e-m+fp/hard\libm.a
END GROUP
START GROUP
LOAD c:/users/ttoomat/stm32cubeide_1.9.0/stm32cubeide/plugins/com.st.stm32cube.ide.mcu.externaltools.gnu-tools-for-stm32.10.3-2021.10.win32_1.0.0.202111181127/tools/bin/../lib/gcc/arm-none-eabi/10.3.1/thumb/v7e-m+fp/hard\libgcc.a
LOAD c:/users/ttoomat/stm32cubeide_1.9.0/stm32cubeide/plugins/com.st.stm32cube.ide.mcu.externaltools.gnu-tools-for-stm32.10.3-2021.10.win32_1.0.0.202111181127/tools/bin/../lib/gcc/arm-none-eabi/10.3.1/../../../../arm-none-eabi/lib/thumb/v7e-m+fp/hard\libc_nano.a
END GROUP
START GROUP
LOAD c:/users/ttoomat/stm32cubeide_1.9.0/stm32cubeide/plugins/com.st.stm32cube.ide.mcu.externaltools.gnu-tools-for-stm32.10.3-2021.10.win32_1.0.0.202111181127/tools/bin/../lib/gcc/arm-none-eabi/10.3.1/thumb/v7e-m+fp/hard\libgcc.a
LOAD c:/users/ttoomat/stm32cubeide_1.9.0/stm32cubeide/plugins/com.st.stm32cube.ide.mcu.externaltools.gnu-tools-for-stm32.10.3-2021.10.win32_1.0.0.202111181127/tools/bin/../lib/gcc/arm-none-eabi/10.3.1/../../../../arm-none-eabi/lib/thumb/v7e-m+fp/hard\libc_nano.a
LOAD c:/users/ttoomat/stm32cubeide_1.9.0/stm32cubeide/plugins/com.st.stm32cube.ide.mcu.externaltools.gnu-tools-for-stm32.10.3-2021.10.win32_1.0.0.202111181127/tools/bin/../lib/gcc/arm-none-eabi/10.3.1/../../../../arm-none-eabi/lib/thumb/v7e-m+fp/hard\libnosys.a
END GROUP
START GROUP
LOAD c:/users/ttoomat/stm32cubeide_1.9.0/stm32cubeide/plugins/com.st.stm32cube.ide.mcu.externaltools.gnu-tools-for-stm32.10.3-2021.10.win32_1.0.0.202111181127/tools/bin/../lib/gcc/arm-none-eabi/10.3.1/thumb/v7e-m+fp/hard\libgcc.a
LOAD c:/users/ttoomat/stm32cubeide_1.9.0/stm32cubeide/plugins/com.st.stm32cube.ide.mcu.externaltools.gnu-tools-for-stm32.10.3-2021.10.win32_1.0.0.202111181127/tools/bin/../lib/gcc/arm-none-eabi/10.3.1/../../../../arm-none-eabi/lib/thumb/v7e-m+fp/hard\libc_nano.a
LOAD c:/users/ttoomat/stm32cubeide_1.9.0/stm32cubeide/plugins/com.st.stm32cube.ide.mcu.externaltools.gnu-tools-for-stm32.10.3-2021.10.win32_1.0.0.202111181127/tools/bin/../lib/gcc/arm-none-eabi/10.3.1/../../../../arm-none-eabi/lib/thumb/v7e-m+fp/hard\libnosys.a
END GROUP
LOAD c:/users/ttoomat/stm32cubeide_1.9.0/stm32cubeide/plugins/com.st.stm32cube.ide.mcu.externaltools.gnu-tools-for-stm32.10.3-2021.10.win32_1.0.0.202111181127/tools/bin/../lib/gcc/arm-none-eabi/10.3.1/thumb/v7e-m+fp/hard/crtend.o
LOAD c:/users/ttoomat/stm32cubeide_1.9.0/stm32cubeide/plugins/com.st.stm32cube.ide.mcu.externaltools.gnu-tools-for-stm32.10.3-2021.10.win32_1.0.0.202111181127/tools/bin/../lib/gcc/arm-none-eabi/10.3.1/thumb/v7e-m+fp/hard/crtn.o
                0x000000002000a000                _estack = (ORIGIN (RAM) + LENGTH (RAM))
                0x0000000000000200                _Min_Heap_Size = 0x200
                0x0000000000000400                _Min_Stack_Size = 0x400

.isr_vector     0x0000000008000000      0x188
                0x0000000008000000                . = ALIGN (0x4)
 *(.isr_vector)
 .isr_vector    0x0000000008000000      0x188 ./Core/Startup/startup_stm32f303vctx.o
                0x0000000008000000                g_pfnVectors
                0x0000000008000188                . = ALIGN (0x4)

.text           0x0000000008000188      0x43c
                0x0000000008000188                . = ALIGN (0x4)
 *(.text)
 .text          0x0000000008000188       0x40 c:/users/ttoomat/stm32cubeide_1.9.0/stm32cubeide/plugins/com.st.stm32cube.ide.mcu.externaltools.gnu-tools-for-stm32.10.3-2021.10.win32_1.0.0.202111181127/tools/bin/../lib/gcc/arm-none-eabi/10.3.1/thumb/v7e-m+fp/hard/crtbegin.o
 *(.text*)
 .text.__NVIC_EnableIRQ
                0x00000000080001c8       0x3c ./Core/Src/main.o
 .text.TIMER2_setup
                0x0000000008000204       0x74 ./Core/Src/main.o
                0x0000000008000204                TIMER2_setup
 .text.pin_output_mode
                0x0000000008000278       0x44 ./Core/Src/main.o
                0x0000000008000278                pin_output_mode
 .text.pin_input_mode
                0x00000000080002bc       0x30 ./Core/Src/main.o
                0x00000000080002bc                pin_input_mode
 .text.turn_on_off
                0x00000000080002ec       0x4e ./Core/Src/main.o
                0x00000000080002ec                turn_on_off
 .text.get_input
                0x000000000800033a       0x2a ./Core/Src/main.o
                0x000000000800033a                get_input
 .text.TIM2_IRQHandler
                0x0000000008000364       0x64 ./Core/Src/main.o
                0x0000000008000364                TIM2_IRQHandler
 .text.main     0x00000000080003c8       0xa8 ./Core/Src/main.o
                0x00000000080003c8                main
 .text.NMI_Handler
                0x0000000008000470        0x6 ./Core/Src/stm32f3xx_it.o
                0x0000000008000470                NMI_Handler
 .text.HardFault_Handler
                0x0000000008000476        0x6 ./Core/Src/stm32f3xx_it.o
                0x0000000008000476                HardFault_Handler
 .text.MemManage_Handler
                0x000000000800047c        0x6 ./Core/Src/stm32f3xx_it.o
                0x000000000800047c                MemManage_Handler
 .text.BusFault_Handler
                0x0000000008000482        0x6 ./Core/Src/stm32f3xx_it.o
                0x0000000008000482                BusFault_Handler
 .text.UsageFault_Handler
                0x0000000008000488        0x6 ./Core/Src/stm32f3xx_it.o
                0x0000000008000488                UsageFault_Handler
 .text.SVC_Handler
                0x000000000800048e        0xe ./Core/Src/stm32f3xx_it.o
                0x000000000800048e                SVC_Handler
 .text.DebugMon_Handler
                0x000000000800049c        0xe ./Core/Src/stm32f3xx_it.o
                0x000000000800049c                DebugMon_Handler
 .text.PendSV_Handler
                0x00000000080004aa        0xe ./Core/Src/stm32f3xx_it.o
                0x00000000080004aa                PendSV_Handler
 .text.SysTick_Handler
                0x00000000080004b8        0xc ./Core/Src/stm32f3xx_it.o
                0x00000000080004b8                SysTick_Handler
 .text.SystemInit
                0x00000000080004c4       0x24 ./Core/Src/system_stm32f3xx.o
                0x00000000080004c4                SystemInit
 .text.Reset_Handler
                0x00000000080004e8       0x50 ./Core/Startup/startup_stm32f303vctx.o
                0x00000000080004e8                Reset_Handler
 .text.Default_Handler
                0x0000000008000538        0x2 ./Core/Startup/startup_stm32f303vctx.o
                0x0000000008000538                RTC_Alarm_IRQHandler
                0x0000000008000538                TIM8_TRG_COM_IRQHandler
                0x0000000008000538                TIM8_CC_IRQHandler
                0x0000000008000538                TIM1_CC_IRQHandler
                0x0000000008000538                USB_HP_IRQHandler
                0x0000000008000538                PVD_IRQHandler
                0x0000000008000538                TAMP_STAMP_IRQHandler
                0x0000000008000538                EXTI3_IRQHandler
                0x0000000008000538                USB_HP_CAN_TX_IRQHandler
                0x0000000008000538                EXTI0_IRQHandler
                0x0000000008000538                I2C2_EV_IRQHandler
                0x0000000008000538                FPU_IRQHandler
                0x0000000008000538                TIM1_UP_TIM16_IRQHandler
                0x0000000008000538                ADC1_2_IRQHandler
                0x0000000008000538                SPI1_IRQHandler
                0x0000000008000538                CAN_SCE_IRQHandler
                0x0000000008000538                TIM6_DAC_IRQHandler
                0x0000000008000538                TIM8_UP_IRQHandler
                0x0000000008000538                DMA2_Channel2_IRQHandler
                0x0000000008000538                DMA1_Channel4_IRQHandler
                0x0000000008000538                USART3_IRQHandler
                0x0000000008000538                DMA1_Channel7_IRQHandler
                0x0000000008000538                UART5_IRQHandler
                0x0000000008000538                ADC3_IRQHandler
                0x0000000008000538                TIM4_IRQHandler
                0x0000000008000538                CAN_RX1_IRQHandler
                0x0000000008000538                DMA2_Channel1_IRQHandler
                0x0000000008000538                I2C1_EV_IRQHandler
                0x0000000008000538                DMA1_Channel6_IRQHandler
                0x0000000008000538                UART4_IRQHandler
                0x0000000008000538                DMA2_Channel4_IRQHandler
                0x0000000008000538                TIM3_IRQHandler
                0x0000000008000538                RCC_IRQHandler
                0x0000000008000538                DMA1_Channel1_IRQHandler
                0x0000000008000538                Default_Handler
                0x0000000008000538                USBWakeUp_RMP_IRQHandler
                0x0000000008000538                EXTI15_10_IRQHandler
                0x0000000008000538                TIM7_IRQHandler
                0x0000000008000538                EXTI9_5_IRQHandler
                0x0000000008000538                RTC_WKUP_IRQHandler
                0x0000000008000538                SPI2_IRQHandler
                0x0000000008000538                USB_LP_CAN_RX0_IRQHandler
                0x0000000008000538                DMA2_Channel5_IRQHandler
                0x0000000008000538                DMA1_Channel5_IRQHandler
                0x0000000008000538                USB_LP_IRQHandler
                0x0000000008000538                EXTI4_IRQHandler
                0x0000000008000538                TIM1_TRG_COM_TIM17_IRQHandler
                0x0000000008000538                DMA1_Channel3_IRQHandler
                0x0000000008000538                ADC4_IRQHandler
                0x0000000008000538                WWDG_IRQHandler
                0x0000000008000538                COMP7_IRQHandler
                0x0000000008000538                COMP1_2_3_IRQHandler
                0x0000000008000538                EXTI1_IRQHandler
                0x0000000008000538                USART2_IRQHandler
                0x0000000008000538                COMP4_5_6_IRQHandler
                0x0000000008000538                I2C2_ER_IRQHandler
                0x0000000008000538                DMA1_Channel2_IRQHandler
                0x0000000008000538                TIM8_BRK_IRQHandler
                0x0000000008000538                FLASH_IRQHandler
                0x0000000008000538                USART1_IRQHandler
                0x0000000008000538                SPI3_IRQHandler
                0x0000000008000538                I2C1_ER_IRQHandler
                0x0000000008000538                USBWakeUp_IRQHandler
                0x0000000008000538                DMA2_Channel3_IRQHandler
                0x0000000008000538                EXTI2_TSC_IRQHandler
                0x0000000008000538                TIM1_BRK_TIM15_IRQHandler
 *fill*         0x000000000800053a        0x2 
 .text.HAL_IncTick
                0x000000000800053c       0x28 ./Drivers/STM32F3xx_HAL_Driver/Src/stm32f3xx_hal.o
                0x000000000800053c                HAL_IncTick
 .text.__libc_init_array
                0x0000000008000564       0x48 c:/users/ttoomat/stm32cubeide_1.9.0/stm32cubeide/plugins/com.st.stm32cube.ide.mcu.externaltools.gnu-tools-for-stm32.10.3-2021.10.win32_1.0.0.202111181127/tools/bin/../lib/gcc/arm-none-eabi/10.3.1/../../../../arm-none-eabi/lib/thumb/v7e-m+fp/hard\libc_nano.a(lib_a-init.o)
                0x0000000008000564                __libc_init_array
 *(.glue_7)
 .glue_7        0x00000000080005ac        0x0 linker stubs
 *(.glue_7t)
 .glue_7t       0x00000000080005ac        0x0 linker stubs
 *(.eh_frame)
 .eh_frame      0x00000000080005ac        0x0 c:/users/ttoomat/stm32cubeide_1.9.0/stm32cubeide/plugins/com.st.stm32cube.ide.mcu.externaltools.gnu-tools-for-stm32.10.3-2021.10.win32_1.0.0.202111181127/tools/bin/../lib/gcc/arm-none-eabi/10.3.1/thumb/v7e-m+fp/hard/crtbegin.o
 *(.init)
 .init          0x00000000080005ac        0x4 c:/users/ttoomat/stm32cubeide_1.9.0/stm32cubeide/plugins/com.st.stm32cube.ide.mcu.externaltools.gnu-tools-for-stm32.10.3-2021.10.win32_1.0.0.202111181127/tools/bin/../lib/gcc/arm-none-eabi/10.3.1/thumb/v7e-m+fp/hard/crti.o
                0x00000000080005ac                _init
 .init          0x00000000080005b0        0x8 c:/users/ttoomat/stm32cubeide_1.9.0/stm32cubeide/plugins/com.st.stm32cube.ide.mcu.externaltools.gnu-tools-for-stm32.10.3-2021.10.win32_1.0.0.202111181127/tools/bin/../lib/gcc/arm-none-eabi/10.3.1/thumb/v7e-m+fp/hard/crtn.o
 *(.fini)
 .fini          0x00000000080005b8        0x4 c:/users/ttoomat/stm32cubeide_1.9.0/stm32cubeide/plugins/com.st.stm32cube.ide.mcu.externaltools.gnu-tools-for-stm32.10.3-2021.10.win32_1.0.0.202111181127/tools/bin/../lib/gcc/arm-none-eabi/10.3.1/thumb/v7e-m+fp/hard/crti.o
                0x00000000080005b8                _fini
 .fini          0x00000000080005bc        0x8 c:/users/ttoomat/stm32cubeide_1.9.0/stm32cubeide/plugins/com.st.stm32cube.ide.mcu.externaltools.gnu-tools-for-stm32.10.3-2021.10.win32_1.0.0.202111181127/tools/bin/../lib/gcc/arm-none-eabi/10.3.1/thumb/v7e-m+fp/hard/crtn.o
                0x00000000080005c4                . = ALIGN (0x4)
                0x00000000080005c4                _etext = .

.vfp11_veneer   0x00000000080005c4        0x0
 .vfp11_veneer  0x00000000080005c4        0x0 linker stubs

.v4_bx          0x00000000080005c4        0x0
 .v4_bx         0x00000000080005c4        0x0 linker stubs

.iplt           0x00000000080005c4        0x0
 .iplt          0x00000000080005c4        0x0 c:/users/ttoomat/stm32cubeide_1.9.0/stm32cubeide/plugins/com.st.stm32cube.ide.mcu.externaltools.gnu-tools-for-stm32.10.3-2021.10.win32_1.0.0.202111181127/tools/bin/../lib/gcc/arm-none-eabi/10.3.1/thumb/v7e-m+fp/hard/crtbegin.o

.rel.dyn        0x00000000080005c4        0x0
 .rel.iplt      0x00000000080005c4        0x0 c:/users/ttoomat/stm32cubeide_1.9.0/stm32cubeide/plugins/com.st.stm32cube.ide.mcu.externaltools.gnu-tools-for-stm32.10.3-2021.10.win32_1.0.0.202111181127/tools/bin/../lib/gcc/arm-none-eabi/10.3.1/thumb/v7e-m+fp/hard/crtbegin.o

.rodata         0x00000000080005c4        0x0
                0x00000000080005c4                . = ALIGN (0x4)
 *(.rodata)
 *(.rodata*)
                0x00000000080005c4                . = ALIGN (0x4)

.ARM.extab      0x00000000080005c4        0x0
                0x00000000080005c4                . = ALIGN (0x4)
 *(.ARM.extab* .gnu.linkonce.armextab.*)
                0x00000000080005c4                . = ALIGN (0x4)

.ARM            0x00000000080005c4        0x0
                0x00000000080005c4                . = ALIGN (0x4)
                0x00000000080005c4                __exidx_start = .
 *(.ARM.exidx*)
                0x00000000080005c4                __exidx_end = .
                0x00000000080005c4                . = ALIGN (0x4)

.preinit_array  0x00000000080005c4        0x0
                0x00000000080005c4                . = ALIGN (0x4)
                0x00000000080005c4                PROVIDE (__preinit_array_start = .)
 *(.preinit_array*)
                0x00000000080005c4                PROVIDE (__preinit_array_end = .)
                0x00000000080005c4                . = ALIGN (0x4)

.init_array     0x00000000080005c4        0x4
                0x00000000080005c4                . = ALIGN (0x4)
                0x00000000080005c4                PROVIDE (__init_array_start = .)
 *(SORT_BY_NAME(.init_array.*))
 *(.init_array*)
 .init_array    0x00000000080005c4        0x4 c:/users/ttoomat/stm32cubeide_1.9.0/stm32cubeide/plugins/com.st.stm32cube.ide.mcu.externaltools.gnu-tools-for-stm32.10.3-2021.10.win32_1.0.0.202111181127/tools/bin/../lib/gcc/arm-none-eabi/10.3.1/thumb/v7e-m+fp/hard/crtbegin.o
                0x00000000080005c8                PROVIDE (__init_array_end = .)
                0x00000000080005c8                . = ALIGN (0x4)

.fini_array     0x00000000080005c8        0x4
                0x00000000080005c8                . = ALIGN (0x4)
                [!provide]                        PROVIDE (__fini_array_start = .)
 *(SORT_BY_NAME(.fini_array.*))
 *(.fini_array*)
 .fini_array    0x00000000080005c8        0x4 c:/users/ttoomat/stm32cubeide_1.9.0/stm32cubeide/plugins/com.st.stm32cube.ide.mcu.externaltools.gnu-tools-for-stm32.10.3-2021.10.win32_1.0.0.202111181127/tools/bin/../lib/gcc/arm-none-eabi/10.3.1/thumb/v7e-m+fp/hard/crtbegin.o
                [!provide]                        PROVIDE (__fini_array_end = .)
                0x00000000080005cc                . = ALIGN (0x4)
                0x00000000080005cc                _sidata = LOADADDR (.data)

.data           0x0000000020000000        0x4 load address 0x00000000080005cc
                0x0000000020000000                . = ALIGN (0x4)
                0x0000000020000000                _sdata = .
 *(.data)
 *(.data*)
 .data.uwTickFreq
                0x0000000020000000        0x1 ./Drivers/STM32F3xx_HAL_Driver/Src/stm32f3xx_hal.o
                0x0000000020000000                uwTickFreq
 *(.RamFunc)
 *(.RamFunc*)
                0x0000000020000004                . = ALIGN (0x4)
 *fill*         0x0000000020000001        0x3 
                0x0000000020000004                _edata = .
                0x00000000080005d0                _siccmram = LOADADDR (.ccmram)

.igot.plt       0x0000000020000004        0x0 load address 0x00000000080005d0
 .igot.plt      0x0000000020000004        0x0 c:/users/ttoomat/stm32cubeide_1.9.0/stm32cubeide/plugins/com.st.stm32cube.ide.mcu.externaltools.gnu-tools-for-stm32.10.3-2021.10.win32_1.0.0.202111181127/tools/bin/../lib/gcc/arm-none-eabi/10.3.1/thumb/v7e-m+fp/hard/crtbegin.o

.ccmram         0x0000000010000000        0x0 load address 0x00000000080005d0
                0x0000000010000000                . = ALIGN (0x4)
                0x0000000010000000                _sccmram = .
 *(.ccmram)
 *(.ccmram*)
                0x0000000010000000                . = ALIGN (0x4)
                0x0000000010000000                _eccmram = .
                0x0000000010000000                . = ALIGN (0x4)

.bss            0x0000000020000004       0x24
                0x0000000020000004                _sbss = .
                0x0000000020000004                __bss_start__ = _sbss
 *(.bss)
 .bss           0x0000000020000004       0x1c c:/users/ttoomat/stm32cubeide_1.9.0/stm32cubeide/plugins/com.st.stm32cube.ide.mcu.externaltools.gnu-tools-for-stm32.10.3-2021.10.win32_1.0.0.202111181127/tools/bin/../lib/gcc/arm-none-eabi/10.3.1/thumb/v7e-m+fp/hard/crtbegin.o
 *(.bss*)
 .bss.i         0x0000000020000020        0x4 ./Core/Src/main.o
                0x0000000020000020                i
 .bss.uwTick    0x0000000020000024        0x4 ./Drivers/STM32F3xx_HAL_Driver/Src/stm32f3xx_hal.o
                0x0000000020000024                uwTick
 *(COMMON)
                0x0000000020000028                . = ALIGN (0x4)
                0x0000000020000028                _ebss = .
                0x0000000020000028                __bss_end__ = _ebss

._user_heap_stack
                0x0000000020000028      0x600
                0x0000000020000028                . = ALIGN (0x8)
                [!provide]                        PROVIDE (end = .)
                0x0000000020000028                PROVIDE (_end = .)
                0x0000000020000228                . = (. + _Min_Heap_Size)
 *fill*         0x0000000020000028      0x200 
                0x0000000020000628                . = (. + _Min_Stack_Size)
 *fill*         0x0000000020000228      0x400 
                0x0000000020000628                . = ALIGN (0x8)

/DISCARD/
 libc.a(*)
 libm.a(*)
 libgcc.a(*)

.ARM.attributes
                0x0000000000000000       0x30
 *(.ARM.attributes)
 .ARM.attributes
                0x0000000000000000       0x1e c:/users/ttoomat/stm32cubeide_1.9.0/stm32cubeide/plugins/com.st.stm32cube.ide.mcu.externaltools.gnu-tools-for-stm32.10.3-2021.10.win32_1.0.0.202111181127/tools/bin/../lib/gcc/arm-none-eabi/10.3.1/thumb/v7e-m+fp/hard/crti.o
 .ARM.attributes
                0x000000000000001e       0x34 c:/users/ttoomat/stm32cubeide_1.9.0/stm32cubeide/plugins/com.st.stm32cube.ide.mcu.externaltools.gnu-tools-for-stm32.10.3-2021.10.win32_1.0.0.202111181127/tools/bin/../lib/gcc/arm-none-eabi/10.3.1/thumb/v7e-m+fp/hard/crtbegin.o
 .ARM.attributes
                0x0000000000000052       0x34 ./Core/Src/main.o
 .ARM.attributes
                0x0000000000000086       0x34 ./Core/Src/stm32f3xx_it.o
 .ARM.attributes
                0x00000000000000ba       0x34 ./Core/Src/system_stm32f3xx.o
 .ARM.attributes
                0x00000000000000ee       0x21 ./Core/Startup/startup_stm32f303vctx.o
 .ARM.attributes
                0x000000000000010f       0x34 ./Drivers/STM32F3xx_HAL_Driver/Src/stm32f3xx_hal.o
 .ARM.attributes
                0x0000000000000143       0x34 c:/users/ttoomat/stm32cubeide_1.9.0/stm32cubeide/plugins/com.st.stm32cube.ide.mcu.externaltools.gnu-tools-for-stm32.10.3-2021.10.win32_1.0.0.202111181127/tools/bin/../lib/gcc/arm-none-eabi/10.3.1/../../../../arm-none-eabi/lib/thumb/v7e-m+fp/hard\libc_nano.a(lib_a-init.o)
 .ARM.attributes
                0x0000000000000177       0x1e c:/users/ttoomat/stm32cubeide_1.9.0/stm32cubeide/plugins/com.st.stm32cube.ide.mcu.externaltools.gnu-tools-for-stm32.10.3-2021.10.win32_1.0.0.202111181127/tools/bin/../lib/gcc/arm-none-eabi/10.3.1/thumb/v7e-m+fp/hard/crtn.o
OUTPUT(F303_syntezator.elf elf32-littlearm)
LOAD linker stubs
LOAD c:/users/ttoomat/stm32cubeide_1.9.0/stm32cubeide/plugins/com.st.stm32cube.ide.mcu.externaltools.gnu-tools-for-stm32.10.3-2021.10.win32_1.0.0.202111181127/tools/bin/../lib/gcc/arm-none-eabi/10.3.1/../../../../arm-none-eabi/lib/thumb/v7e-m+fp/hard\libc.a
LOAD c:/users/ttoomat/stm32cubeide_1.9.0/stm32cubeide/plugins/com.st.stm32cube.ide.mcu.externaltools.gnu-tools-for-stm32.10.3-2021.10.win32_1.0.0.202111181127/tools/bin/../lib/gcc/arm-none-eabi/10.3.1/../../../../arm-none-eabi/lib/thumb/v7e-m+fp/hard\libm.a
LOAD c:/users/ttoomat/stm32cubeide_1.9.0/stm32cubeide/plugins/com.st.stm32cube.ide.mcu.externaltools.gnu-tools-for-stm32.10.3-2021.10.win32_1.0.0.202111181127/tools/bin/../lib/gcc/arm-none-eabi/10.3.1/thumb/v7e-m+fp/hard\libgcc.a

.debug_info     0x0000000000000000     0x15dc
 .debug_info    0x0000000000000000      0x866 ./Core/Src/main.o
 .debug_info    0x0000000000000866      0x137 ./Core/Src/stm32f3xx_it.o
 .debug_info    0x000000000000099d      0x416 ./Core/Src/system_stm32f3xx.o
 .debug_info    0x0000000000000db3       0x22 ./Core/Startup/startup_stm32f303vctx.o
 .debug_info    0x0000000000000dd5      0x807 ./Drivers/STM32F3xx_HAL_Driver/Src/stm32f3xx_hal.o

.debug_abbrev   0x0000000000000000      0x5cf
 .debug_abbrev  0x0000000000000000      0x209 ./Core/Src/main.o
 .debug_abbrev  0x0000000000000209       0x90 ./Core/Src/stm32f3xx_it.o
 .debug_abbrev  0x0000000000000299      0x116 ./Core/Src/system_stm32f3xx.o
 .debug_abbrev  0x00000000000003af       0x12 ./Core/Startup/startup_stm32f303vctx.o
 .debug_abbrev  0x00000000000003c1      0x20e ./Drivers/STM32F3xx_HAL_Driver/Src/stm32f3xx_hal.o

.debug_aranges  0x0000000000000000      0x1e8
 .debug_aranges
                0x0000000000000000       0x58 ./Core/Src/main.o
 .debug_aranges
                0x0000000000000058       0x60 ./Core/Src/stm32f3xx_it.o
 .debug_aranges
                0x00000000000000b8       0x28 ./Core/Src/system_stm32f3xx.o
 .debug_aranges
                0x00000000000000e0       0x28 ./Core/Startup/startup_stm32f303vctx.o
 .debug_aranges
                0x0000000000000108       0xe0 ./Drivers/STM32F3xx_HAL_Driver/Src/stm32f3xx_hal.o

.debug_ranges   0x0000000000000000      0x1a0
 .debug_ranges  0x0000000000000000       0x48 ./Core/Src/main.o
 .debug_ranges  0x0000000000000048       0x50 ./Core/Src/stm32f3xx_it.o
 .debug_ranges  0x0000000000000098       0x18 ./Core/Src/system_stm32f3xx.o
 .debug_ranges  0x00000000000000b0       0x20 ./Core/Startup/startup_stm32f303vctx.o
 .debug_ranges  0x00000000000000d0       0xd0 ./Drivers/STM32F3xx_HAL_Driver/Src/stm32f3xx_hal.o

.debug_macro    0x0000000000000000    0x1aec8
 .debug_macro   0x0000000000000000       0xce ./Core/Src/main.o
 .debug_macro   0x00000000000000ce      0xa78 ./Core/Src/main.o
 .debug_macro   0x0000000000000b46       0x28 ./Core/Src/main.o
 .debug_macro   0x0000000000000b6e       0x22 ./Core/Src/main.o
 .debug_macro   0x0000000000000b90       0x8e ./Core/Src/main.o
 .debug_macro   0x0000000000000c1e       0x51 ./Core/Src/main.o
 .debug_macro   0x0000000000000c6f      0x103 ./Core/Src/main.o
 .debug_macro   0x0000000000000d72       0x6a ./Core/Src/main.o
 .debug_macro   0x0000000000000ddc      0x1df ./Core/Src/main.o
 .debug_macro   0x0000000000000fbb       0x1c ./Core/Src/main.o
 .debug_macro   0x0000000000000fd7       0x22 ./Core/Src/main.o
 .debug_macro   0x0000000000000ff9       0xd9 ./Core/Src/main.o
 .debug_macro   0x00000000000010d2     0x102d ./Core/Src/main.o
 .debug_macro   0x00000000000020ff      0x11f ./Core/Src/main.o
 .debug_macro   0x000000000000221e    0x12a3a ./Core/Src/main.o
 .debug_macro   0x0000000000014c58      0x379 ./Core/Src/main.o
 .debug_macro   0x0000000000014fd1       0xd8 ./Core/Src/stm32f3xx_it.o
 .debug_macro   0x00000000000150a9      0x1af ./Core/Src/system_stm32f3xx.o
 .debug_macro   0x0000000000015258       0x2e ./Core/Src/system_stm32f3xx.o
 .debug_macro   0x0000000000015286       0x6d ./Core/Src/system_stm32f3xx.o
 .debug_macro   0x00000000000152f3      0x14b ./Core/Src/system_stm32f3xx.o
 .debug_macro   0x000000000001543e     0x3540 ./Core/Src/system_stm32f3xx.o
 .debug_macro   0x000000000001897e       0x55 ./Core/Src/system_stm32f3xx.o
 .debug_macro   0x00000000000189d3      0x962 ./Core/Src/system_stm32f3xx.o
 .debug_macro   0x0000000000019335      0x5fe ./Core/Src/system_stm32f3xx.o
 .debug_macro   0x0000000000019933      0x1b6 ./Core/Src/system_stm32f3xx.o
 .debug_macro   0x0000000000019ae9      0x1fb ./Core/Src/system_stm32f3xx.o
 .debug_macro   0x0000000000019ce4      0x1dc ./Core/Src/system_stm32f3xx.o
 .debug_macro   0x0000000000019ec0      0x1bc ./Core/Src/system_stm32f3xx.o
 .debug_macro   0x000000000001a07c       0x30 ./Core/Src/system_stm32f3xx.o
 .debug_macro   0x000000000001a0ac       0x3c ./Core/Src/system_stm32f3xx.o
 .debug_macro   0x000000000001a0e8      0x236 ./Core/Src/system_stm32f3xx.o
 .debug_macro   0x000000000001a31e       0xc5 ./Core/Src/system_stm32f3xx.o
 .debug_macro   0x000000000001a3e3      0x21d ./Core/Src/system_stm32f3xx.o
 .debug_macro   0x000000000001a600      0x22c ./Core/Src/system_stm32f3xx.o
 .debug_macro   0x000000000001a82c       0x5b ./Core/Src/system_stm32f3xx.o
 .debug_macro   0x000000000001a887       0xa5 ./Core/Src/system_stm32f3xx.o
 .debug_macro   0x000000000001a92c       0x81 ./Core/Src/system_stm32f3xx.o
 .debug_macro   0x000000000001a9ad       0xd3 ./Core/Src/system_stm32f3xx.o
 .debug_macro   0x000000000001aa80      0x275 ./Core/Src/system_stm32f3xx.o
 .debug_macro   0x000000000001acf5      0x1d3 ./Drivers/STM32F3xx_HAL_Driver/Src/stm32f3xx_hal.o

.debug_line     0x0000000000000000     0x1c10
 .debug_line    0x0000000000000000      0x5c4 ./Core/Src/main.o
 .debug_line    0x00000000000005c4      0x54d ./Core/Src/stm32f3xx_it.o
 .debug_line    0x0000000000000b11      0x721 ./Core/Src/system_stm32f3xx.o
 .debug_line    0x0000000000001232       0x88 ./Core/Startup/startup_stm32f303vctx.o
 .debug_line    0x00000000000012ba      0x956 ./Drivers/STM32F3xx_HAL_Driver/Src/stm32f3xx_hal.o

.debug_str      0x0000000000000000    0xa43e0
 .debug_str     0x0000000000000000    0x73171 ./Core/Src/main.o
                                      0x73458 (size before relaxing)
 .debug_str     0x0000000000073171       0xc9 ./Core/Src/stm32f3xx_it.o
                                      0x72ebd (size before relaxing)
 .debug_str     0x000000000007323a    0x30d66 ./Core/Src/system_stm32f3xx.o
                                      0xa33d9 (size before relaxing)
 .debug_str     0x00000000000a3fa0       0x36 ./Core/Startup/startup_stm32f303vctx.o
                                         0x61 (size before relaxing)
 .debug_str     0x00000000000a3fd6      0x40a ./Drivers/STM32F3xx_HAL_Driver/Src/stm32f3xx_hal.o
                                      0xa3c17 (size before relaxing)

.comment        0x0000000000000000       0x50
 .comment       0x0000000000000000       0x50 ./Core/Src/main.o
                                         0x51 (size before relaxing)
 .comment       0x0000000000000050       0x51 ./Core/Src/stm32f3xx_it.o
 .comment       0x0000000000000050       0x51 ./Core/Src/system_stm32f3xx.o
 .comment       0x0000000000000050       0x51 ./Drivers/STM32F3xx_HAL_Driver/Src/stm32f3xx_hal.o

.debug_frame    0x0000000000000000      0x5f0
 .debug_frame   0x0000000000000000      0x134 ./Core/Src/main.o
 .debug_frame   0x0000000000000134      0x104 ./Core/Src/stm32f3xx_it.o
 .debug_frame   0x0000000000000238       0x58 ./Core/Src/system_stm32f3xx.o
 .debug_frame   0x0000000000000290      0x334 ./Drivers/STM32F3xx_HAL_Driver/Src/stm32f3xx_hal.o
 .debug_frame   0x00000000000005c4       0x2c c:/users/ttoomat/stm32cubeide_1.9.0/stm32cubeide/plugins/com.st.stm32cube.ide.mcu.externaltools.gnu-tools-for-stm32.10.3-2021.10.win32_1.0.0.202111181127/tools/bin/../lib/gcc/arm-none-eabi/10.3.1/../../../../arm-none-eabi/lib/thumb/v7e-m+fp/hard\libc_nano.a(lib_a-init.o)
